
> vite-react-typescript-starter@0.0.0 build
> vite build

vite v5.4.8 building for production...
transforming...
Browserslist: caniuse-lite is outdated. Please run:
  npx update-browserslist-db@latest
  Why you should do it regularly: https://github.com/browserslist/update-db#readme
✓ 1558 modules transformed.
rendering chunks...
computing gzip size...
dist/index.html                   3.20 kB │ gzip:  1.13 kB
dist/assets/index-BG2SgvQE.css   29.89 kB │ gzip:  5.80 kB
dist/assets/index-BToMeK8S.js   358.98 kB │ gzip: 99.34 kB
✓ built in 6.78s
